[INFO] Scanning for projects...
[INFO] 
[INFO] --------------------< com.bossjob:boss-job-backend >--------------------
[INFO] Building Boss Job Platform Backend 1.0.0
[INFO]   from pom.xml
[INFO] --------------------------------[ jar ]---------------------------------
[INFO] 
[INFO] --- clean:3.3.2:clean (default-clean) @ boss-job-backend ---
[INFO] Deleting F:\java\travel\boss-job-platform\backend\target
[INFO] 
[INFO] --- resources:3.3.1:resources (default-resources) @ boss-job-backend ---
[INFO] Copying 1 resource from src\main\resources to target\classes
[INFO] Copying 3 resources from src\main\resources to target\classes
[INFO] 
[INFO] --- compiler:3.11.0:compile (default-compile) @ boss-job-backend ---
[INFO] Changes detected - recompiling the module! :source
[INFO] Compiling 71 source files with javac [debug release 21] to target\classes
[INFO] 鐢变簬鍦ㄧ被璺緞涓彂鐜颁簡涓€涓垨澶氫釜澶勭悊绋嬪簭锛屽洜姝ゅ惎鐢ㄤ簡
  鎵规敞澶勭悊銆傛湭鏉ュ彂琛岀増鐨?javac 鍙兘浼氱鐢ㄦ壒娉ㄥ鐞嗭紝
  闄ら潪鑷冲皯鎸夊悕绉版寚瀹氫簡涓€涓鐞嗙▼搴?(-processor)锛?  鎴栨寚瀹氫簡鎼滅储璺緞 (--processor-path, --processor-module-path)锛?  鎴栨樉寮忓惎鐢ㄤ簡鎵规敞澶勭悊 (-proc:only, -proc:full)銆?  鍙娇鐢?-Xlint:-options 闅愯棌姝ゆ秷鎭€?  鍙娇鐢?-proc:none 绂佺敤鎵规敞澶勭悊銆?
[INFO] /F:/java/travel/boss-job-platform/backend/src/main/java/com/bossjob/service/impl/AiResumeServiceImpl.java: F:\java\travel\boss-job-platform\backend\src\main\java\com\bossjob\service\impl\AiResumeServiceImpl.java浣跨敤鎴栬鐩栦簡宸茶繃鏃剁殑 API銆?
[INFO] /F:/java/travel/boss-job-platform/backend/src/main/java/com/bossjob/service/impl/AiResumeServiceImpl.java: 鏈夊叧璇︾粏淇℃伅, 璇蜂娇鐢?-Xlint:deprecation 閲嶆柊缂栬瘧銆?
[INFO] ------------------------------------------------------------------------
[INFO] BUILD SUCCESS
[INFO] ------------------------------------------------------------------------
[INFO] Total time:  5.406 s
[INFO] Finished at: 2026-01-18T15:56:41+08:00
[INFO] ------------------------------------------------------------------------
